[16-Jul-2026 08:42:10 UTC] PHP Fatal error:  Cannot redeclare delta_ports_widgets_init() (previously declared in C:\Users\shanm\Local Sites\delta-ports\app\public\wp-content\themes\delta-ports-theme-3-1\functions.php:70) in C:\Users\shanm\Local Sites\delta-ports\app\public\wp-content\themes\delta-ports-theme-3-1\inc\theme-setup.php on line 7
[16-Jul-2026 08:42:10 UTC] PHP Stack trace:
[16-Jul-2026 08:42:10 UTC] PHP   1. {main}() C:\Users\shanm\Local Sites\delta-ports\app\public\wp-admin\themes.php:0
[16-Jul-2026 08:42:10 UTC] PHP   2. require_once() C:\Users\shanm\Local Sites\delta-ports\app\public\wp-admin\themes.php:10
[16-Jul-2026 08:42:10 UTC] PHP   3. require_once() C:\Users\shanm\Local Sites\delta-ports\app\public\wp-admin\admin.php:35
[16-Jul-2026 08:42:10 UTC] PHP   4. require_once() C:\Users\shanm\Local Sites\delta-ports\app\public\wp-load.php:50
[16-Jul-2026 08:42:10 UTC] PHP   5. require_once() C:\Users\shanm\Local Sites\delta-ports\app\public\wp-config.php:103
[16-Jul-2026 08:42:10 UTC] PHP   6. include() C:\Users\shanm\Local Sites\delta-ports\app\public\wp-settings.php:739
[18-Jul-2026 11:14:24 UTC] PHP Warning:  require_once(C:\Users\shanm\Local Sites\delta-ports\app\public/wp-content/themes/delta-ports/inc/seed-content.php): Failed to open stream: No such file or directory in C:\Users\shanm\Local Sites\delta-ports\app\public\wp-content\themes\delta-ports\functions.php on line 19
[18-Jul-2026 11:14:24 UTC] PHP Stack trace:
[18-Jul-2026 11:14:24 UTC] PHP   1. {main}() C:\Users\shanm\Local Sites\delta-ports\app\public\wp-cron.php:0
[18-Jul-2026 11:14:24 UTC] PHP   2. require_once() C:\Users\shanm\Local Sites\delta-ports\app\public\wp-cron.php:46
[18-Jul-2026 11:14:24 UTC] PHP   3. require_once() C:\Users\shanm\Local Sites\delta-ports\app\public\wp-load.php:50
[18-Jul-2026 11:14:24 UTC] PHP   4. require_once() C:\Users\shanm\Local Sites\delta-ports\app\public\wp-config.php:103
[18-Jul-2026 11:14:24 UTC] PHP   5. include() C:\Users\shanm\Local Sites\delta-ports\app\public\wp-settings.php:739
[18-Jul-2026 11:14:24 UTC] PHP Fatal error:  Uncaught Error: Failed opening required 'C:\Users\shanm\Local Sites\delta-ports\app\public/wp-content/themes/delta-ports/inc/seed-content.php' (include_path='.:/usr/share/php:/www/wp-content/pear') in C:\Users\shanm\Local Sites\delta-ports\app\public\wp-content\themes\delta-ports\functions.php:19
Stack trace:
#0 C:\Users\shanm\Local Sites\delta-ports\app\public\wp-settings.php(739): include()
#1 C:\Users\shanm\Local Sites\delta-ports\app\public\wp-config.php(103): require_once('C:\\Users\\shanm\\...')
#2 C:\Users\shanm\Local Sites\delta-ports\app\public\wp-load.php(50): require_once('C:\\Users\\shanm\\...')
#3 C:\Users\shanm\Local Sites\delta-ports\app\public\wp-cron.php(46): require_once('C:\\Users\\shanm\\...')
#4 {main}
  thrown in C:\Users\shanm\Local Sites\delta-ports\app\public\wp-content\themes\delta-ports\functions.php on line 19
[18-Jul-2026 11:14:30 UTC] PHP Warning:  require_once(C:\Users\shanm\Local Sites\delta-ports\app\public/wp-content/themes/delta-ports/inc/seed-content.php): Failed to open stream: No such file or directory in C:\Users\shanm\Local Sites\delta-ports\app\public\wp-content\themes\delta-ports\functions.php on line 19
[18-Jul-2026 11:14:30 UTC] PHP Stack trace:
[18-Jul-2026 11:14:30 UTC] PHP   1. {main}() C:\Users\shanm\Local Sites\delta-ports\app\public\wp-cron.php:0
[18-Jul-2026 11:14:30 UTC] PHP   2. require_once() C:\Users\shanm\Local Sites\delta-ports\app\public\wp-cron.php:46
[18-Jul-2026 11:14:30 UTC] PHP   3. require_once() C:\Users\shanm\Local Sites\delta-ports\app\public\wp-load.php:50
[18-Jul-2026 11:14:30 UTC] PHP   4. require_once() C:\Users\shanm\Local Sites\delta-ports\app\public\wp-config.php:103
[18-Jul-2026 11:14:30 UTC] PHP   5. include() C:\Users\shanm\Local Sites\delta-ports\app\public\wp-settings.php:739
[18-Jul-2026 11:14:30 UTC] PHP Fatal error:  Uncaught Error: Failed opening required 'C:\Users\shanm\Local Sites\delta-ports\app\public/wp-content/themes/delta-ports/inc/seed-content.php' (include_path='.:/usr/share/php:/www/wp-content/pear') in C:\Users\shanm\Local Sites\delta-ports\app\public\wp-content\themes\delta-ports\functions.php:19
Stack trace:
#0 C:\Users\shanm\Local Sites\delta-ports\app\public\wp-settings.php(739): include()
#1 C:\Users\shanm\Local Sites\delta-ports\app\public\wp-config.php(103): require_once('C:\\Users\\shanm\\...')
#2 C:\Users\shanm\Local Sites\delta-ports\app\public\wp-load.php(50): require_once('C:\\Users\\shanm\\...')
#3 C:\Users\shanm\Local Sites\delta-ports\app\public\wp-cron.php(46): require_once('C:\\Users\\shanm\\...')
#4 {main}
  thrown in C:\Users\shanm\Local Sites\delta-ports\app\public\wp-content\themes\delta-ports\functions.php on line 19
[18-Jul-2026 11:14:36 UTC] PHP Warning:  require_once(C:\Users\shanm\Local Sites\delta-ports\app\public/wp-content/themes/delta-ports/inc/seed-content.php): Failed to open stream: No such file or directory in C:\Users\shanm\Local Sites\delta-ports\app\public\wp-content\themes\delta-ports\functions.php on line 19
[18-Jul-2026 11:14:36 UTC] PHP Stack trace:
[18-Jul-2026 11:14:36 UTC] PHP   1. {main}() C:\Users\shanm\Local Sites\delta-ports\app\public\index.php:0
[18-Jul-2026 11:14:36 UTC] PHP   2. require() C:\Users\shanm\Local Sites\delta-ports\app\public\index.php:17
[18-Jul-2026 11:14:36 UTC] PHP   3. require_once() C:\Users\shanm\Local Sites\delta-ports\app\public\wp-blog-header.php:13
[18-Jul-2026 11:14:36 UTC] PHP   4. require_once() C:\Users\shanm\Local Sites\delta-ports\app\public\wp-load.php:50
[18-Jul-2026 11:14:36 UTC] PHP   5. require_once() C:\Users\shanm\Local Sites\delta-ports\app\public\wp-config.php:103
[18-Jul-2026 11:14:36 UTC] PHP   6. include() C:\Users\shanm\Local Sites\delta-ports\app\public\wp-settings.php:739
[18-Jul-2026 11:14:36 UTC] PHP Fatal error:  Uncaught Error: Failed opening required 'C:\Users\shanm\Local Sites\delta-ports\app\public/wp-content/themes/delta-ports/inc/seed-content.php' (include_path='.:/usr/share/php:/www/wp-content/pear') in C:\Users\shanm\Local Sites\delta-ports\app\public\wp-content\themes\delta-ports\functions.php:19
Stack trace:
#0 C:\Users\shanm\Local Sites\delta-ports\app\public\wp-settings.php(739): include()
#1 C:\Users\shanm\Local Sites\delta-ports\app\public\wp-config.php(103): require_once('C:\\Users\\shanm\\...')
#2 C:\Users\shanm\Local Sites\delta-ports\app\public\wp-load.php(50): require_once('C:\\Users\\shanm\\...')
#3 C:\Users\shanm\Local Sites\delta-ports\app\public\wp-blog-header.php(13): require_once('C:\\Users\\shanm\\...')
#4 C:\Users\shanm\Local Sites\delta-ports\app\public\index.php(17): require('C:\\Users\\shanm\\...')
#5 {main}
  thrown in C:\Users\shanm\Local Sites\delta-ports\app\public\wp-content\themes\delta-ports\functions.php on line 19
[18-Jul-2026 11:16:16 UTC] PHP Warning:  require_once(C:\Users\shanm\Local Sites\delta-ports\app\public/wp-content/themes/delta-ports/inc/seed-content.php): Failed to open stream: No such file or directory in C:\Users\shanm\Local Sites\delta-ports\app\public\wp-content\themes\delta-ports\functions.php on line 19
[18-Jul-2026 11:16:16 UTC] PHP Stack trace:
[18-Jul-2026 11:16:16 UTC] PHP   1. {main}() C:\Users\shanm\Local Sites\delta-ports\app\public\index.php:0
[18-Jul-2026 11:16:16 UTC] PHP   2. require() C:\Users\shanm\Local Sites\delta-ports\app\public\index.php:17
[18-Jul-2026 11:16:16 UTC] PHP   3. require_once() C:\Users\shanm\Local Sites\delta-ports\app\public\wp-blog-header.php:13
[18-Jul-2026 11:16:16 UTC] PHP   4. require_once() C:\Users\shanm\Local Sites\delta-ports\app\public\wp-load.php:50
[18-Jul-2026 11:16:16 UTC] PHP   5. require_once() C:\Users\shanm\Local Sites\delta-ports\app\public\wp-config.php:103
[18-Jul-2026 11:16:16 UTC] PHP   6. include() C:\Users\shanm\Local Sites\delta-ports\app\public\wp-settings.php:739
[18-Jul-2026 11:16:16 UTC] PHP Fatal error:  Uncaught Error: Failed opening required 'C:\Users\shanm\Local Sites\delta-ports\app\public/wp-content/themes/delta-ports/inc/seed-content.php' (include_path='.:/usr/share/php:/www/wp-content/pear') in C:\Users\shanm\Local Sites\delta-ports\app\public\wp-content\themes\delta-ports\functions.php:19
Stack trace:
#0 C:\Users\shanm\Local Sites\delta-ports\app\public\wp-settings.php(739): include()
#1 C:\Users\shanm\Local Sites\delta-ports\app\public\wp-config.php(103): require_once('C:\\Users\\shanm\\...')
#2 C:\Users\shanm\Local Sites\delta-ports\app\public\wp-load.php(50): require_once('C:\\Users\\shanm\\...')
#3 C:\Users\shanm\Local Sites\delta-ports\app\public\wp-blog-header.php(13): require_once('C:\\Users\\shanm\\...')
#4 C:\Users\shanm\Local Sites\delta-ports\app\public\index.php(17): require('C:\\Users\\shanm\\...')
#5 {main}
  thrown in C:\Users\shanm\Local Sites\delta-ports\app\public\wp-content\themes\delta-ports\functions.php on line 19
[18-Jul-2026 11:16:20 UTC] PHP Warning:  require_once(C:\Users\shanm\Local Sites\delta-ports\app\public/wp-content/themes/delta-ports/inc/seed-content.php): Failed to open stream: No such file or directory in C:\Users\shanm\Local Sites\delta-ports\app\public\wp-content\themes\delta-ports\functions.php on line 19
[18-Jul-2026 11:16:20 UTC] PHP Stack trace:
[18-Jul-2026 11:16:20 UTC] PHP   1. {main}() C:\Users\shanm\Local Sites\delta-ports\app\public\index.php:0
[18-Jul-2026 11:16:20 UTC] PHP   2. require() C:\Users\shanm\Local Sites\delta-ports\app\public\index.php:17
[18-Jul-2026 11:16:20 UTC] PHP   3. require_once() C:\Users\shanm\Local Sites\delta-ports\app\public\wp-blog-header.php:13
[18-Jul-2026 11:16:20 UTC] PHP   4. require_once() C:\Users\shanm\Local Sites\delta-ports\app\public\wp-load.php:50
[18-Jul-2026 11:16:20 UTC] PHP   5. require_once() C:\Users\shanm\Local Sites\delta-ports\app\public\wp-config.php:103
[18-Jul-2026 11:16:20 UTC] PHP   6. include() C:\Users\shanm\Local Sites\delta-ports\app\public\wp-settings.php:739
[18-Jul-2026 11:16:20 UTC] PHP Fatal error:  Uncaught Error: Failed opening required 'C:\Users\shanm\Local Sites\delta-ports\app\public/wp-content/themes/delta-ports/inc/seed-content.php' (include_path='.:/usr/share/php:/www/wp-content/pear') in C:\Users\shanm\Local Sites\delta-ports\app\public\wp-content\themes\delta-ports\functions.php:19
Stack trace:
#0 C:\Users\shanm\Local Sites\delta-ports\app\public\wp-settings.php(739): include()
#1 C:\Users\shanm\Local Sites\delta-ports\app\public\wp-config.php(103): require_once('C:\\Users\\shanm\\...')
#2 C:\Users\shanm\Local Sites\delta-ports\app\public\wp-load.php(50): require_once('C:\\Users\\shanm\\...')
#3 C:\Users\shanm\Local Sites\delta-ports\app\public\wp-blog-header.php(13): require_once('C:\\Users\\shanm\\...')
#4 C:\Users\shanm\Local Sites\delta-ports\app\public\index.php(17): require('C:\\Users\\shanm\\...')
#5 {main}
  thrown in C:\Users\shanm\Local Sites\delta-ports\app\public\wp-content\themes\delta-ports\functions.php on line 19
[18-Jul-2026 11:23:41 UTC] PHP Warning:  PHP Startup: Unable to load dynamic library 'php_imagick.dll' (tried: C:/Users/shanm/AppData/Roaming/Local/lightning-services/php-8.2.29+0/bin/win64/ext\php_imagick.dll (The specified module could not be found), C:/Users/shanm/AppData/Roaming/Local/lightning-services/php-8.2.29+0/bin/win64/ext\php_php_imagick.dll.dll (The specified module could not be found)) in Unknown on line 0
[18-Jul-2026 11:23:47 UTC] PHP Warning:  PHP Startup: Unable to load dynamic library 'php_imagick.dll' (tried: C:/Users/shanm/AppData/Roaming/Local/lightning-services/php-8.2.29+0/bin/win64/ext\php_imagick.dll (The specified module could not be found), C:/Users/shanm/AppData/Roaming/Local/lightning-services/php-8.2.29+0/bin/win64/ext\php_php_imagick.dll.dll (The specified module could not be found)) in Unknown on line 0
[18-Jul-2026 11:24:13 UTC] PHP Warning:  PHP Startup: Unable to load dynamic library 'php_imagick.dll' (tried: C:/Users/shanm/AppData/Roaming/Local/lightning-services/php-8.2.29+0/bin/win64/ext\php_imagick.dll (The specified module could not be found), C:/Users/shanm/AppData/Roaming/Local/lightning-services/php-8.2.29+0/bin/win64/ext\php_php_imagick.dll.dll (The specified module could not be found)) in Unknown on line 0
[18-Jul-2026 11:24:33 UTC] PHP Warning:  PHP Startup: Unable to load dynamic library 'php_imagick.dll' (tried: C:/Users/shanm/AppData/Roaming/Local/lightning-services/php-8.2.29+0/bin/win64/ext\php_imagick.dll (The specified module could not be found), C:/Users/shanm/AppData/Roaming/Local/lightning-services/php-8.2.29+0/bin/win64/ext\php_php_imagick.dll.dll (The specified module could not be found)) in Unknown on line 0
[18-Jul-2026 11:24:46 UTC] PHP Warning:  PHP Startup: Unable to load dynamic library 'php_imagick.dll' (tried: C:/Users/shanm/AppData/Roaming/Local/lightning-services/php-8.2.29+0/bin/win64/ext\php_imagick.dll (The specified module could not be found), C:/Users/shanm/AppData/Roaming/Local/lightning-services/php-8.2.29+0/bin/win64/ext\php_php_imagick.dll.dll (The specified module could not be found)) in Unknown on line 0
[18-Jul-2026 11:24:52 UTC] PHP Warning:  PHP Startup: Unable to load dynamic library 'php_imagick.dll' (tried: C:/Users/shanm/AppData/Roaming/Local/lightning-services/php-8.2.29+0/bin/win64/ext\php_imagick.dll (The specified module could not be found), C:/Users/shanm/AppData/Roaming/Local/lightning-services/php-8.2.29+0/bin/win64/ext\php_php_imagick.dll.dll (The specified module could not be found)) in Unknown on line 0
[18-Jul-2026 11:24:58 UTC] PHP Warning:  PHP Startup: Unable to load dynamic library 'php_imagick.dll' (tried: C:/Users/shanm/AppData/Roaming/Local/lightning-services/php-8.2.29+0/bin/win64/ext\php_imagick.dll (The specified module could not be found), C:/Users/shanm/AppData/Roaming/Local/lightning-services/php-8.2.29+0/bin/win64/ext\php_php_imagick.dll.dll (The specified module could not be found)) in Unknown on line 0
[18-Jul-2026 11:25:03 UTC] PHP Warning:  PHP Startup: Unable to load dynamic library 'php_imagick.dll' (tried: C:/Users/shanm/AppData/Roaming/Local/lightning-services/php-8.2.29+0/bin/win64/ext\php_imagick.dll (The specified module could not be found), C:/Users/shanm/AppData/Roaming/Local/lightning-services/php-8.2.29+0/bin/win64/ext\php_php_imagick.dll.dll (The specified module could not be found)) in Unknown on line 0
[18-Jul-2026 11:25:16 UTC] PHP Warning:  PHP Startup: Unable to load dynamic library 'php_imagick.dll' (tried: C:/Users/shanm/AppData/Roaming/Local/lightning-services/php-8.2.29+0/bin/win64/ext\php_imagick.dll (The specified module could not be found), C:/Users/shanm/AppData/Roaming/Local/lightning-services/php-8.2.29+0/bin/win64/ext\php_php_imagick.dll.dll (The specified module could not be found)) in Unknown on line 0
[18-Jul-2026 11:25:22 UTC] PHP Warning:  PHP Startup: Unable to load dynamic library 'php_imagick.dll' (tried: C:/Users/shanm/AppData/Roaming/Local/lightning-services/php-8.2.29+0/bin/win64/ext\php_imagick.dll (The specified module could not be found), C:/Users/shanm/AppData/Roaming/Local/lightning-services/php-8.2.29+0/bin/win64/ext\php_php_imagick.dll.dll (The specified module could not be found)) in Unknown on line 0
[18-Jul-2026 11:25:55 UTC] PHP Warning:  PHP Startup: Unable to load dynamic library 'php_imagick.dll' (tried: C:/Users/shanm/AppData/Roaming/Local/lightning-services/php-8.2.29+0/bin/win64/ext\php_imagick.dll (The specified module could not be found), C:/Users/shanm/AppData/Roaming/Local/lightning-services/php-8.2.29+0/bin/win64/ext\php_php_imagick.dll.dll (The specified module could not be found)) in Unknown on line 0
[18-Jul-2026 11:26:00 UTC] PHP Warning:  PHP Startup: Unable to load dynamic library 'php_imagick.dll' (tried: C:/Users/shanm/AppData/Roaming/Local/lightning-services/php-8.2.29+0/bin/win64/ext\php_imagick.dll (The specified module could not be found), C:/Users/shanm/AppData/Roaming/Local/lightning-services/php-8.2.29+0/bin/win64/ext\php_php_imagick.dll.dll (The specified module could not be found)) in Unknown on line 0
[18-Jul-2026 11:26:18 UTC] PHP Warning:  PHP Startup: Unable to load dynamic library 'php_imagick.dll' (tried: C:/Users/shanm/AppData/Roaming/Local/lightning-services/php-8.2.29+0/bin/win64/ext\php_imagick.dll (The specified module could not be found), C:/Users/shanm/AppData/Roaming/Local/lightning-services/php-8.2.29+0/bin/win64/ext\php_php_imagick.dll.dll (The specified module could not be found)) in Unknown on line 0
[18-Jul-2026 11:26:41 UTC] PHP Warning:  PHP Startup: Unable to load dynamic library 'php_imagick.dll' (tried: C:/Users/shanm/AppData/Roaming/Local/lightning-services/php-8.2.29+0/bin/win64/ext\php_imagick.dll (The specified module could not be found), C:/Users/shanm/AppData/Roaming/Local/lightning-services/php-8.2.29+0/bin/win64/ext\php_php_imagick.dll.dll (The specified module could not be found)) in Unknown on line 0
[18-Jul-2026 11:26:47 UTC] PHP Warning:  PHP Startup: Unable to load dynamic library 'php_imagick.dll' (tried: C:/Users/shanm/AppData/Roaming/Local/lightning-services/php-8.2.29+0/bin/win64/ext\php_imagick.dll (The specified module could not be found), C:/Users/shanm/AppData/Roaming/Local/lightning-services/php-8.2.29+0/bin/win64/ext\php_php_imagick.dll.dll (The specified module could not be found)) in Unknown on line 0
[18-Jul-2026 11:34:11 UTC] PHP Warning:  PHP Startup: Unable to load dynamic library 'php_imagick.dll' (tried: C:/Users/shanm/AppData/Roaming/Local/lightning-services/php-8.2.29+0/bin/win64/ext\php_imagick.dll (The specified module could not be found), C:/Users/shanm/AppData/Roaming/Local/lightning-services/php-8.2.29+0/bin/win64/ext\php_php_imagick.dll.dll (The specified module could not be found)) in Unknown on line 0
[18-Jul-2026 11:34:25 UTC] PHP Warning:  PHP Startup: Unable to load dynamic library 'php_imagick.dll' (tried: C:/Users/shanm/AppData/Roaming/Local/lightning-services/php-8.2.29+0/bin/win64/ext\php_imagick.dll (The specified module could not be found), C:/Users/shanm/AppData/Roaming/Local/lightning-services/php-8.2.29+0/bin/win64/ext\php_php_imagick.dll.dll (The specified module could not be found)) in Unknown on line 0
[18-Jul-2026 11:34:31 UTC] PHP Warning:  PHP Startup: Unable to load dynamic library 'php_imagick.dll' (tried: C:/Users/shanm/AppData/Roaming/Local/lightning-services/php-8.2.29+0/bin/win64/ext\php_imagick.dll (The specified module could not be found), C:/Users/shanm/AppData/Roaming/Local/lightning-services/php-8.2.29+0/bin/win64/ext\php_php_imagick.dll.dll (The specified module could not be found)) in Unknown on line 0
[18-Jul-2026 11:37:40 UTC] PHP Warning:  PHP Startup: Unable to load dynamic library 'php_imagick.dll' (tried: C:/Users/shanm/AppData/Roaming/Local/lightning-services/php-8.2.29+0/bin/win64/ext\php_imagick.dll (The specified module could not be found), C:/Users/shanm/AppData/Roaming/Local/lightning-services/php-8.2.29+0/bin/win64/ext\php_php_imagick.dll.dll (The specified module could not be found)) in Unknown on line 0
[18-Jul-2026 11:46:56 UTC] PHP Warning:  PHP Startup: Unable to load dynamic library 'php_imagick.dll' (tried: C:/Users/shanm/AppData/Roaming/Local/lightning-services/php-8.2.29+0/bin/win64/ext\php_imagick.dll (The specified module could not be found), C:/Users/shanm/AppData/Roaming/Local/lightning-services/php-8.2.29+0/bin/win64/ext\php_php_imagick.dll.dll (The specified module could not be found)) in Unknown on line 0
[18-Jul-2026 11:47:11 UTC] PHP Warning:  PHP Startup: Unable to load dynamic library 'php_imagick.dll' (tried: C:/Users/shanm/AppData/Roaming/Local/lightning-services/php-8.2.29+0/bin/win64/ext\php_imagick.dll (The specified module could not be found), C:/Users/shanm/AppData/Roaming/Local/lightning-services/php-8.2.29+0/bin/win64/ext\php_php_imagick.dll.dll (The specified module could not be found)) in Unknown on line 0
[18-Jul-2026 11:51:44 UTC] PHP Warning:  PHP Startup: Unable to load dynamic library 'php_imagick.dll' (tried: C:/Users/shanm/AppData/Roaming/Local/lightning-services/php-8.2.29+0/bin/win64/ext\php_imagick.dll (The specified module could not be found), C:/Users/shanm/AppData/Roaming/Local/lightning-services/php-8.2.29+0/bin/win64/ext\php_php_imagick.dll.dll (The specified module could not be found)) in Unknown on line 0
[18-Jul-2026 11:57:37 UTC] PHP Warning:  PHP Startup: Unable to load dynamic library 'php_imagick.dll' (tried: C:/Users/shanm/AppData/Roaming/Local/lightning-services/php-8.2.29+0/bin/win64/ext\php_imagick.dll (The specified module could not be found), C:/Users/shanm/AppData/Roaming/Local/lightning-services/php-8.2.29+0/bin/win64/ext\php_php_imagick.dll.dll (The specified module could not be found)) in Unknown on line 0
[18-Jul-2026 11:58:29 UTC] PHP Warning:  PHP Startup: Unable to load dynamic library 'php_imagick.dll' (tried: C:/Users/shanm/AppData/Roaming/Local/lightning-services/php-8.2.29+0/bin/win64/ext\php_imagick.dll (The specified module could not be found), C:/Users/shanm/AppData/Roaming/Local/lightning-services/php-8.2.29+0/bin/win64/ext\php_php_imagick.dll.dll (The specified module could not be found)) in Unknown on line 0
[18-Jul-2026 12:09:56 UTC] PHP Warning:  PHP Startup: Unable to load dynamic library 'php_imagick.dll' (tried: C:/Users/shanm/AppData/Roaming/Local/lightning-services/php-8.2.29+0/bin/win64/ext\php_imagick.dll (The specified module could not be found), C:/Users/shanm/AppData/Roaming/Local/lightning-services/php-8.2.29+0/bin/win64/ext\php_php_imagick.dll.dll (The specified module could not be found)) in Unknown on line 0
[18-Jul-2026 12:23:36 UTC] PHP Warning:  PHP Startup: Unable to load dynamic library 'php_imagick.dll' (tried: C:/Users/shanm/AppData/Roaming/Local/lightning-services/php-8.2.29+0/bin/win64/ext\php_imagick.dll (The specified module could not be found), C:/Users/shanm/AppData/Roaming/Local/lightning-services/php-8.2.29+0/bin/win64/ext\php_php_imagick.dll.dll (The specified module could not be found)) in Unknown on line 0
[18-Jul-2026 12:36:21 UTC] PHP Warning:  PHP Startup: Unable to load dynamic library 'php_imagick.dll' (tried: C:/Users/shanm/AppData/Roaming/Local/lightning-services/php-8.2.29+0/bin/win64/ext\php_imagick.dll (The specified module could not be found), C:/Users/shanm/AppData/Roaming/Local/lightning-services/php-8.2.29+0/bin/win64/ext\php_php_imagick.dll.dll (The specified module could not be found)) in Unknown on line 0
[18-Jul-2026 12:36:27 UTC] PHP Warning:  PHP Startup: Unable to load dynamic library 'php_imagick.dll' (tried: C:/Users/shanm/AppData/Roaming/Local/lightning-services/php-8.2.29+0/bin/win64/ext\php_imagick.dll (The specified module could not be found), C:/Users/shanm/AppData/Roaming/Local/lightning-services/php-8.2.29+0/bin/win64/ext\php_php_imagick.dll.dll (The specified module could not be found)) in Unknown on line 0
[18-Jul-2026 12:36:32 UTC] PHP Warning:  PHP Startup: Unable to load dynamic library 'php_imagick.dll' (tried: C:/Users/shanm/AppData/Roaming/Local/lightning-services/php-8.2.29+0/bin/win64/ext\php_imagick.dll (The specified module could not be found), C:/Users/shanm/AppData/Roaming/Local/lightning-services/php-8.2.29+0/bin/win64/ext\php_php_imagick.dll.dll (The specified module could not be found)) in Unknown on line 0
[18-Jul-2026 12:36:37 UTC] PHP Warning:  PHP Startup: Unable to load dynamic library 'php_imagick.dll' (tried: C:/Users/shanm/AppData/Roaming/Local/lightning-services/php-8.2.29+0/bin/win64/ext\php_imagick.dll (The specified module could not be found), C:/Users/shanm/AppData/Roaming/Local/lightning-services/php-8.2.29+0/bin/win64/ext\php_php_imagick.dll.dll (The specified module could not be found)) in Unknown on line 0
[18-Jul-2026 12:36:42 UTC] PHP Warning:  PHP Startup: Unable to load dynamic library 'php_imagick.dll' (tried: C:/Users/shanm/AppData/Roaming/Local/lightning-services/php-8.2.29+0/bin/win64/ext\php_imagick.dll (The specified module could not be found), C:/Users/shanm/AppData/Roaming/Local/lightning-services/php-8.2.29+0/bin/win64/ext\php_php_imagick.dll.dll (The specified module could not be found)) in Unknown on line 0
[18-Jul-2026 12:36:48 UTC] PHP Warning:  PHP Startup: Unable to load dynamic library 'php_imagick.dll' (tried: C:/Users/shanm/AppData/Roaming/Local/lightning-services/php-8.2.29+0/bin/win64/ext\php_imagick.dll (The specified module could not be found), C:/Users/shanm/AppData/Roaming/Local/lightning-services/php-8.2.29+0/bin/win64/ext\php_php_imagick.dll.dll (The specified module could not be found)) in Unknown on line 0
[18-Jul-2026 12:39:43 UTC] PHP Warning:  PHP Startup: Unable to load dynamic library 'php_imagick.dll' (tried: C:/Users/shanm/AppData/Roaming/Local/lightning-services/php-8.2.29+0/bin/win64/ext\php_imagick.dll (The specified module could not be found), C:/Users/shanm/AppData/Roaming/Local/lightning-services/php-8.2.29+0/bin/win64/ext\php_php_imagick.dll.dll (The specified module could not be found)) in Unknown on line 0
[18-Jul-2026 12:56:09 UTC] PHP Parse error:  syntax error, unexpected identifier "re", expecting ")" in C:\Users\shanm\Local Sites\delta-ports\app\public\wp-content\themes\delta-ports\inc\awwwards-pages-rest.php on line 667
[18-Jul-2026 12:56:19 UTC] PHP Warning:  PHP Startup: Unable to load dynamic library 'php_imagick.dll' (tried: C:/Users/shanm/AppData/Roaming/Local/lightning-services/php-8.2.29+0/bin/win64/ext\php_imagick.dll (The specified module could not be found), C:/Users/shanm/AppData/Roaming/Local/lightning-services/php-8.2.29+0/bin/win64/ext\php_php_imagick.dll.dll (The specified module could not be found)) in Unknown on line 0
[18-Jul-2026 12:56:22 UTC] PHP Parse error:  syntax error, unexpected identifier "re", expecting ")" in C:\Users\shanm\Local Sites\delta-ports\app\public\wp-content\themes\delta-ports\inc\awwwards-pages-rest.php on line 667
[18-Jul-2026 12:56:33 UTC] PHP Warning:  PHP Startup: Unable to load dynamic library 'php_imagick.dll' (tried: C:/Users/shanm/AppData/Roaming/Local/lightning-services/php-8.2.29+0/bin/win64/ext\php_imagick.dll (The specified module could not be found), C:/Users/shanm/AppData/Roaming/Local/lightning-services/php-8.2.29+0/bin/win64/ext\php_php_imagick.dll.dll (The specified module could not be found)) in Unknown on line 0
[18-Jul-2026 12:56:36 UTC] PHP Parse error:  syntax error, unexpected identifier "re", expecting ")" in C:\Users\shanm\Local Sites\delta-ports\app\public\wp-content\themes\delta-ports\inc\awwwards-pages-rest.php on line 667
[18-Jul-2026 12:57:25 UTC] PHP Parse error:  syntax error, unexpected identifier "re", expecting ")" in C:\Users\shanm\Local Sites\delta-ports\app\public\wp-content\themes\delta-ports\inc\awwwards-pages-rest.php on line 667
[18-Jul-2026 12:58:10 UTC] PHP Parse error:  syntax error, unexpected identifier "re", expecting ")" in C:\Users\shanm\Local Sites\delta-ports\app\public\wp-content\themes\delta-ports\inc\awwwards-pages-rest.php on line 667
[18-Jul-2026 12:59:16 UTC] PHP Warning:  PHP Startup: Unable to load dynamic library 'php_imagick.dll' (tried: C:/Users/shanm/AppData/Roaming/Local/lightning-services/php-8.2.29+0/bin/win64/ext\php_imagick.dll (The specified module could not be found), C:/Users/shanm/AppData/Roaming/Local/lightning-services/php-8.2.29+0/bin/win64/ext\php_php_imagick.dll.dll (The specified module could not be found)) in Unknown on line 0
[18-Jul-2026 13:04:34 UTC] PHP Warning:  PHP Startup: Unable to load dynamic library 'php_imagick.dll' (tried: C:/Users/shanm/AppData/Roaming/Local/lightning-services/php-8.2.29+0/bin/win64/ext\php_imagick.dll (The specified module could not be found), C:/Users/shanm/AppData/Roaming/Local/lightning-services/php-8.2.29+0/bin/win64/ext\php_php_imagick.dll.dll (The specified module could not be found)) in Unknown on line 0
[18-Jul-2026 13:04:39 UTC] PHP Warning:  PHP Startup: Unable to load dynamic library 'php_imagick.dll' (tried: C:/Users/shanm/AppData/Roaming/Local/lightning-services/php-8.2.29+0/bin/win64/ext\php_imagick.dll (The specified module could not be found), C:/Users/shanm/AppData/Roaming/Local/lightning-services/php-8.2.29+0/bin/win64/ext\php_php_imagick.dll.dll (The specified module could not be found)) in Unknown on line 0
[18-Jul-2026 13:04:44 UTC] PHP Warning:  PHP Startup: Unable to load dynamic library 'php_imagick.dll' (tried: C:/Users/shanm/AppData/Roaming/Local/lightning-services/php-8.2.29+0/bin/win64/ext\php_imagick.dll (The specified module could not be found), C:/Users/shanm/AppData/Roaming/Local/lightning-services/php-8.2.29+0/bin/win64/ext\php_php_imagick.dll.dll (The specified module could not be found)) in Unknown on line 0
[18-Jul-2026 13:04:49 UTC] PHP Warning:  PHP Startup: Unable to load dynamic library 'php_imagick.dll' (tried: C:/Users/shanm/AppData/Roaming/Local/lightning-services/php-8.2.29+0/bin/win64/ext\php_imagick.dll (The specified module could not be found), C:/Users/shanm/AppData/Roaming/Local/lightning-services/php-8.2.29+0/bin/win64/ext\php_php_imagick.dll.dll (The specified module could not be found)) in Unknown on line 0
[18-Jul-2026 13:04:55 UTC] PHP Warning:  PHP Startup: Unable to load dynamic library 'php_imagick.dll' (tried: C:/Users/shanm/AppData/Roaming/Local/lightning-services/php-8.2.29+0/bin/win64/ext\php_imagick.dll (The specified module could not be found), C:/Users/shanm/AppData/Roaming/Local/lightning-services/php-8.2.29+0/bin/win64/ext\php_php_imagick.dll.dll (The specified module could not be found)) in Unknown on line 0
[18-Jul-2026 13:05:00 UTC] PHP Warning:  PHP Startup: Unable to load dynamic library 'php_imagick.dll' (tried: C:/Users/shanm/AppData/Roaming/Local/lightning-services/php-8.2.29+0/bin/win64/ext\php_imagick.dll (The specified module could not be found), C:/Users/shanm/AppData/Roaming/Local/lightning-services/php-8.2.29+0/bin/win64/ext\php_php_imagick.dll.dll (The specified module could not be found)) in Unknown on line 0
[18-Jul-2026 15:02:42 UTC] PHP Warning:  PHP Startup: Unable to load dynamic library 'php_imagick.dll' (tried: C:/Users/shanm/AppData/Roaming/Local/lightning-services/php-8.2.29+0/bin/win64/ext\php_imagick.dll (The specified module could not be found), C:/Users/shanm/AppData/Roaming/Local/lightning-services/php-8.2.29+0/bin/win64/ext\php_php_imagick.dll.dll (The specified module could not be found)) in Unknown on line 0
[18-Jul-2026 15:02:45 UTC] PHP Warning:  PHP Startup: Unable to load dynamic library 'php_imagick.dll' (tried: C:/Users/shanm/AppData/Roaming/Local/lightning-services/php-8.2.29+0/bin/win64/ext\php_imagick.dll (The specified module could not be found), C:/Users/shanm/AppData/Roaming/Local/lightning-services/php-8.2.29+0/bin/win64/ext\php_php_imagick.dll.dll (The specified module could not be found)) in Unknown on line 0
[18-Jul-2026 15:02:51 UTC] PHP Warning:  PHP Startup: Unable to load dynamic library 'php_imagick.dll' (tried: C:/Users/shanm/AppData/Roaming/Local/lightning-services/php-8.2.29+0/bin/win64/ext\php_imagick.dll (The specified module could not be found), C:/Users/shanm/AppData/Roaming/Local/lightning-services/php-8.2.29+0/bin/win64/ext\php_php_imagick.dll.dll (The specified module could not be found)) in Unknown on line 0
[18-Jul-2026 15:02:55 UTC] PHP Warning:  PHP Startup: Unable to load dynamic library 'php_imagick.dll' (tried: C:/Users/shanm/AppData/Roaming/Local/lightning-services/php-8.2.29+0/bin/win64/ext\php_imagick.dll (The specified module could not be found), C:/Users/shanm/AppData/Roaming/Local/lightning-services/php-8.2.29+0/bin/win64/ext\php_php_imagick.dll.dll (The specified module could not be found)) in Unknown on line 0
[18-Jul-2026 15:03:02 UTC] PHP Warning:  PHP Startup: Unable to load dynamic library 'php_imagick.dll' (tried: C:/Users/shanm/AppData/Roaming/Local/lightning-services/php-8.2.29+0/bin/win64/ext\php_imagick.dll (The specified module could not be found), C:/Users/shanm/AppData/Roaming/Local/lightning-services/php-8.2.29+0/bin/win64/ext\php_php_imagick.dll.dll (The specified module could not be found)) in Unknown on line 0
[18-Jul-2026 15:14:50 UTC] PHP Warning:  PHP Startup: Unable to load dynamic library 'php_imagick.dll' (tried: C:/Users/shanm/AppData/Roaming/Local/lightning-services/php-8.2.29+0/bin/win64/ext\php_imagick.dll (The specified module could not be found), C:/Users/shanm/AppData/Roaming/Local/lightning-services/php-8.2.29+0/bin/win64/ext\php_php_imagick.dll.dll (The specified module could not be found)) in Unknown on line 0
[18-Jul-2026 15:15:08 UTC] PHP Warning:  PHP Startup: Unable to load dynamic library 'php_imagick.dll' (tried: C:/Users/shanm/AppData/Roaming/Local/lightning-services/php-8.2.29+0/bin/win64/ext\php_imagick.dll (The specified module could not be found), C:/Users/shanm/AppData/Roaming/Local/lightning-services/php-8.2.29+0/bin/win64/ext\php_php_imagick.dll.dll (The specified module could not be found)) in Unknown on line 0
[18-Jul-2026 15:15:14 UTC] PHP Warning:  PHP Startup: Unable to load dynamic library 'php_imagick.dll' (tried: C:/Users/shanm/AppData/Roaming/Local/lightning-services/php-8.2.29+0/bin/win64/ext\php_imagick.dll (The specified module could not be found), C:/Users/shanm/AppData/Roaming/Local/lightning-services/php-8.2.29+0/bin/win64/ext\php_php_imagick.dll.dll (The specified module could not be found)) in Unknown on line 0
[18-Jul-2026 15:15:38 UTC] PHP Warning:  PHP Startup: Unable to load dynamic library 'php_imagick.dll' (tried: C:/Users/shanm/AppData/Roaming/Local/lightning-services/php-8.2.29+0/bin/win64/ext\php_imagick.dll (The specified module could not be found), C:/Users/shanm/AppData/Roaming/Local/lightning-services/php-8.2.29+0/bin/win64/ext\php_php_imagick.dll.dll (The specified module could not be found)) in Unknown on line 0
[18-Jul-2026 15:15:49 UTC] PHP Warning:  PHP Startup: Unable to load dynamic library 'php_imagick.dll' (tried: C:/Users/shanm/AppData/Roaming/Local/lightning-services/php-8.2.29+0/bin/win64/ext\php_imagick.dll (The specified module could not be found), C:/Users/shanm/AppData/Roaming/Local/lightning-services/php-8.2.29+0/bin/win64/ext\php_php_imagick.dll.dll (The specified module could not be found)) in Unknown on line 0
[18-Jul-2026 15:19:10 UTC] PHP Warning:  PHP Startup: Unable to load dynamic library 'php_imagick.dll' (tried: C:/Users/shanm/AppData/Roaming/Local/lightning-services/php-8.2.29+0/bin/win64/ext\php_imagick.dll (The specified module could not be found), C:/Users/shanm/AppData/Roaming/Local/lightning-services/php-8.2.29+0/bin/win64/ext\php_php_imagick.dll.dll (The specified module could not be found)) in Unknown on line 0
[18-Jul-2026 15:19:14 UTC] PHP Parse error:  syntax error, unexpected token "\", expecting end of file in phar://C:/Program Files (x86)/Local/resources/extraResources/bin/wp-cli/wp-cli.phar/vendor/wp-cli/eval-command/src/Eval_Command.php(39) : eval()'d code on line 2
[18-Jul-2026 15:19:27 UTC] PHP Warning:  PHP Startup: Unable to load dynamic library 'php_imagick.dll' (tried: C:/Users/shanm/AppData/Roaming/Local/lightning-services/php-8.2.29+0/bin/win64/ext\php_imagick.dll (The specified module could not be found), C:/Users/shanm/AppData/Roaming/Local/lightning-services/php-8.2.29+0/bin/win64/ext\php_php_imagick.dll.dll (The specified module could not be found)) in Unknown on line 0
[18-Jul-2026 15:29:34 UTC] PHP Warning:  PHP Startup: Unable to load dynamic library 'php_imagick.dll' (tried: C:/Users/shanm/AppData/Roaming/Local/lightning-services/php-8.2.29+0/bin/win64/ext\php_imagick.dll (The specified module could not be found), C:/Users/shanm/AppData/Roaming/Local/lightning-services/php-8.2.29+0/bin/win64/ext\php_php_imagick.dll.dll (The specified module could not be found)) in Unknown on line 0
[18-Jul-2026 15:31:15 UTC] PHP Warning:  PHP Startup: Unable to load dynamic library 'php_imagick.dll' (tried: C:/Users/shanm/AppData/Roaming/Local/lightning-services/php-8.2.29+0/bin/win64/ext\php_imagick.dll (The specified module could not be found), C:/Users/shanm/AppData/Roaming/Local/lightning-services/php-8.2.29+0/bin/win64/ext\php_php_imagick.dll.dll (The specified module could not be found)) in Unknown on line 0
[20-Jul-2026 05:33:33 UTC] PHP Warning:  PHP Startup: Unable to load dynamic library 'php_imagick.dll' (tried: C:/Users/shanm/AppData/Roaming/Local/lightning-services/php-8.2.29+0/bin/win64/ext\php_imagick.dll (The specified module could not be found), C:/Users/shanm/AppData/Roaming/Local/lightning-services/php-8.2.29+0/bin/win64/ext\php_php_imagick.dll.dll (The specified module could not be found)) in Unknown on line 0
[20-Jul-2026 05:49:17 UTC] PHP Warning:  PHP Startup: Unable to load dynamic library 'php_imagick.dll' (tried: C:/Users/shanm/AppData/Roaming/Local/lightning-services/php-8.2.29+0/bin/win64/ext\php_imagick.dll (The specified module could not be found), C:/Users/shanm/AppData/Roaming/Local/lightning-services/php-8.2.29+0/bin/win64/ext\php_php_imagick.dll.dll (The specified module could not be found)) in Unknown on line 0
[20-Jul-2026 05:49:37 UTC] PHP Warning:  PHP Startup: Unable to load dynamic library 'php_imagick.dll' (tried: C:/Users/shanm/AppData/Roaming/Local/lightning-services/php-8.2.29+0/bin/win64/ext\php_imagick.dll (The specified module could not be found), C:/Users/shanm/AppData/Roaming/Local/lightning-services/php-8.2.29+0/bin/win64/ext\php_php_imagick.dll.dll (The specified module could not be found)) in Unknown on line 0
[20-Jul-2026 05:55:02 UTC] PHP Warning:  PHP Startup: Unable to load dynamic library 'php_imagick.dll' (tried: C:/Users/shanm/AppData/Roaming/Local/lightning-services/php-8.2.29+0/bin/win64/ext\php_imagick.dll (The specified module could not be found), C:/Users/shanm/AppData/Roaming/Local/lightning-services/php-8.2.29+0/bin/win64/ext\php_php_imagick.dll.dll (The specified module could not be found)) in Unknown on line 0
[20-Jul-2026 06:04:07 UTC] PHP Warning:  PHP Startup: Unable to load dynamic library 'php_imagick.dll' (tried: C:/Users/shanm/AppData/Roaming/Local/lightning-services/php-8.2.29+0/bin/win64/ext\php_imagick.dll (The specified module could not be found), C:/Users/shanm/AppData/Roaming/Local/lightning-services/php-8.2.29+0/bin/win64/ext\php_php_imagick.dll.dll (The specified module could not be found)) in Unknown on line 0
[20-Jul-2026 06:10:07 UTC] PHP Warning:  PHP Startup: Unable to load dynamic library 'php_imagick.dll' (tried: C:/Users/shanm/AppData/Roaming/Local/lightning-services/php-8.2.29+0/bin/win64/ext\php_imagick.dll (The specified module could not be found), C:/Users/shanm/AppData/Roaming/Local/lightning-services/php-8.2.29+0/bin/win64/ext\php_php_imagick.dll.dll (The specified module could not be found)) in Unknown on line 0
[20-Jul-2026 06:16:14 UTC] PHP Warning:  PHP Startup: Unable to load dynamic library 'php_imagick.dll' (tried: C:/Users/shanm/AppData/Roaming/Local/lightning-services/php-8.2.29+0/bin/win64/ext\php_imagick.dll (The specified module could not be found), C:/Users/shanm/AppData/Roaming/Local/lightning-services/php-8.2.29+0/bin/win64/ext\php_php_imagick.dll.dll (The specified module could not be found)) in Unknown on line 0
[20-Jul-2026 06:22:41 UTC] PHP Warning:  PHP Startup: Unable to load dynamic library 'php_imagick.dll' (tried: C:/Users/shanm/AppData/Roaming/Local/lightning-services/php-8.2.29+0/bin/win64/ext\php_imagick.dll (The specified module could not be found), C:/Users/shanm/AppData/Roaming/Local/lightning-services/php-8.2.29+0/bin/win64/ext\php_php_imagick.dll.dll (The specified module could not be found)) in Unknown on line 0
[20-Jul-2026 06:23:24 UTC] PHP Warning:  PHP Startup: Unable to load dynamic library 'php_imagick.dll' (tried: C:/Users/shanm/AppData/Roaming/Local/lightning-services/php-8.2.29+0/bin/win64/ext\php_imagick.dll (The specified module could not be found), C:/Users/shanm/AppData/Roaming/Local/lightning-services/php-8.2.29+0/bin/win64/ext\php_php_imagick.dll.dll (The specified module could not be found)) in Unknown on line 0
[20-Jul-2026 06:30:35 UTC] PHP Warning:  PHP Startup: Unable to load dynamic library 'php_imagick.dll' (tried: C:/Users/shanm/AppData/Roaming/Local/lightning-services/php-8.2.29+0/bin/win64/ext\php_imagick.dll (The specified module could not be found), C:/Users/shanm/AppData/Roaming/Local/lightning-services/php-8.2.29+0/bin/win64/ext\php_php_imagick.dll.dll (The specified module could not be found)) in Unknown on line 0
[20-Jul-2026 06:38:53 UTC] PHP Warning:  PHP Startup: Unable to load dynamic library 'php_imagick.dll' (tried: C:/Users/shanm/AppData/Roaming/Local/lightning-services/php-8.2.29+0/bin/win64/ext\php_imagick.dll (The specified module could not be found), C:/Users/shanm/AppData/Roaming/Local/lightning-services/php-8.2.29+0/bin/win64/ext\php_php_imagick.dll.dll (The specified module could not be found)) in Unknown on line 0
[20-Jul-2026 07:19:01 UTC] PHP Warning:  PHP Startup: Unable to load dynamic library 'php_imagick.dll' (tried: C:/Users/shanm/AppData/Roaming/Local/lightning-services/php-8.2.29+0/bin/win64/ext\php_imagick.dll (The specified module could not be found), C:/Users/shanm/AppData/Roaming/Local/lightning-services/php-8.2.29+0/bin/win64/ext\php_php_imagick.dll.dll (The specified module could not be found)) in Unknown on line 0
[20-Jul-2026 07:19:01 UTC] PHP Parse error:  syntax error, unexpected token "\", expecting end of file in C:\Users\shanm\Local Sites\delta-ports\app\public\wp-content\themes\delta-ports\inc\_seed_home_about.php on line 8
[20-Jul-2026 07:19:17 UTC] PHP Warning:  PHP Startup: Unable to load dynamic library 'php_imagick.dll' (tried: C:/Users/shanm/AppData/Roaming/Local/lightning-services/php-8.2.29+0/bin/win64/ext\php_imagick.dll (The specified module could not be found), C:/Users/shanm/AppData/Roaming/Local/lightning-services/php-8.2.29+0/bin/win64/ext\php_php_imagick.dll.dll (The specified module could not be found)) in Unknown on line 0
[20-Jul-2026 07:20:14 UTC] PHP Warning:  PHP Startup: Unable to load dynamic library 'php_imagick.dll' (tried: C:/Users/shanm/AppData/Roaming/Local/lightning-services/php-8.2.29+0/bin/win64/ext\php_imagick.dll (The specified module could not be found), C:/Users/shanm/AppData/Roaming/Local/lightning-services/php-8.2.29+0/bin/win64/ext\php_php_imagick.dll.dll (The specified module could not be found)) in Unknown on line 0
[20-Jul-2026 07:21:33 UTC] PHP Warning:  PHP Startup: Unable to load dynamic library 'php_imagick.dll' (tried: C:/Users/shanm/AppData/Roaming/Local/lightning-services/php-8.2.29+0/bin/win64/ext\php_imagick.dll (The specified module could not be found), C:/Users/shanm/AppData/Roaming/Local/lightning-services/php-8.2.29+0/bin/win64/ext\php_php_imagick.dll.dll (The specified module could not be found)) in Unknown on line 0
[20-Jul-2026 07:36:30 UTC] PHP Warning:  PHP Startup: Unable to load dynamic library 'php_imagick.dll' (tried: C:/Users/shanm/AppData/Roaming/Local/lightning-services/php-8.2.29+0/bin/win64/ext\php_imagick.dll (The specified module could not be found), C:/Users/shanm/AppData/Roaming/Local/lightning-services/php-8.2.29+0/bin/win64/ext\php_php_imagick.dll.dll (The specified module could not be found)) in Unknown on line 0
[20-Jul-2026 07:41:20 UTC] PHP Warning:  PHP Startup: Unable to load dynamic library 'php_imagick.dll' (tried: C:/Users/shanm/AppData/Roaming/Local/lightning-services/php-8.2.29+0/bin/win64/ext\php_imagick.dll (The specified module could not be found), C:/Users/shanm/AppData/Roaming/Local/lightning-services/php-8.2.29+0/bin/win64/ext\php_php_imagick.dll.dll (The specified module could not be found)) in Unknown on line 0
[20-Jul-2026 07:41:57 UTC] PHP Warning:  PHP Startup: Unable to load dynamic library 'php_imagick.dll' (tried: C:/Users/shanm/AppData/Roaming/Local/lightning-services/php-8.2.29+0/bin/win64/ext\php_imagick.dll (The specified module could not be found), C:/Users/shanm/AppData/Roaming/Local/lightning-services/php-8.2.29+0/bin/win64/ext\php_php_imagick.dll.dll (The specified module could not be found)) in Unknown on line 0
[20-Jul-2026 07:53:05 UTC] PHP Warning:  PHP Startup: Unable to load dynamic library 'php_imagick.dll' (tried: C:/Users/shanm/AppData/Roaming/Local/lightning-services/php-8.2.29+0/bin/win64/ext\php_imagick.dll (The specified module could not be found), C:/Users/shanm/AppData/Roaming/Local/lightning-services/php-8.2.29+0/bin/win64/ext\php_php_imagick.dll.dll (The specified module could not be found)) in Unknown on line 0
[20-Jul-2026 07:55:03 UTC] PHP Warning:  PHP Startup: Unable to load dynamic library 'php_imagick.dll' (tried: C:/Users/shanm/AppData/Roaming/Local/lightning-services/php-8.2.29+0/bin/win64/ext\php_imagick.dll (The specified module could not be found), C:/Users/shanm/AppData/Roaming/Local/lightning-services/php-8.2.29+0/bin/win64/ext\php_php_imagick.dll.dll (The specified module could not be found)) in Unknown on line 0
[20-Jul-2026 07:55:03 UTC] PHP Warning:  PHP Startup: Unable to load dynamic library 'php_imagick.dll' (tried: C:/Users/shanm/AppData/Roaming/Local/lightning-services/php-8.2.29+0/bin/win64/ext\php_imagick.dll (The specified module could not be found), C:/Users/shanm/AppData/Roaming/Local/lightning-services/php-8.2.29+0/bin/win64/ext\php_php_imagick.dll.dll (The specified module could not be found)) in Unknown on line 0
[20-Jul-2026 07:55:04 UTC] PHP Warning:  PHP Startup: Unable to load dynamic library 'php_imagick.dll' (tried: C:/Users/shanm/AppData/Roaming/Local/lightning-services/php-8.2.29+0/bin/win64/ext\php_imagick.dll (The specified module could not be found), C:/Users/shanm/AppData/Roaming/Local/lightning-services/php-8.2.29+0/bin/win64/ext\php_php_imagick.dll.dll (The specified module could not be found)) in Unknown on line 0
[20-Jul-2026 07:55:20 UTC] PHP Warning:  PHP Startup: Unable to load dynamic library 'php_imagick.dll' (tried: C:/Users/shanm/AppData/Roaming/Local/lightning-services/php-8.2.29+0/bin/win64/ext\php_imagick.dll (The specified module could not be found), C:/Users/shanm/AppData/Roaming/Local/lightning-services/php-8.2.29+0/bin/win64/ext\php_php_imagick.dll.dll (The specified module could not be found)) in Unknown on line 0
[20-Jul-2026 08:09:30 UTC] PHP Warning:  PHP Startup: Unable to load dynamic library 'php_imagick.dll' (tried: C:/Users/shanm/AppData/Roaming/Local/lightning-services/php-8.2.29+0/bin/win64/ext\php_imagick.dll (The specified module could not be found), C:/Users/shanm/AppData/Roaming/Local/lightning-services/php-8.2.29+0/bin/win64/ext\php_php_imagick.dll.dll (The specified module could not be found)) in Unknown on line 0
[20-Jul-2026 08:09:30 UTC] PHP Warning:  PHP Startup: Unable to load dynamic library 'php_imagick.dll' (tried: C:/Users/shanm/AppData/Roaming/Local/lightning-services/php-8.2.29+0/bin/win64/ext\php_imagick.dll (The specified module could not be found), C:/Users/shanm/AppData/Roaming/Local/lightning-services/php-8.2.29+0/bin/win64/ext\php_php_imagick.dll.dll (The specified module could not be found)) in Unknown on line 0
[20-Jul-2026 08:09:30 UTC] PHP Warning:  PHP Startup: Unable to load dynamic library 'php_imagick.dll' (tried: C:/Users/shanm/AppData/Roaming/Local/lightning-services/php-8.2.29+0/bin/win64/ext\php_imagick.dll (The specified module could not be found), C:/Users/shanm/AppData/Roaming/Local/lightning-services/php-8.2.29+0/bin/win64/ext\php_php_imagick.dll.dll (The specified module could not be found)) in Unknown on line 0
[20-Jul-2026 08:28:44 UTC] PHP Warning:  PHP Startup: Unable to load dynamic library 'php_imagick.dll' (tried: C:/Users/shanm/AppData/Roaming/Local/lightning-services/php-8.2.29+0/bin/win64/ext\php_imagick.dll (The specified module could not be found), C:/Users/shanm/AppData/Roaming/Local/lightning-services/php-8.2.29+0/bin/win64/ext\php_php_imagick.dll.dll (The specified module could not be found)) in Unknown on line 0
[20-Jul-2026 08:28:44 UTC] PHP Warning:  PHP Startup: Unable to load dynamic library 'php_imagick.dll' (tried: C:/Users/shanm/AppData/Roaming/Local/lightning-services/php-8.2.29+0/bin/win64/ext\php_imagick.dll (The specified module could not be found), C:/Users/shanm/AppData/Roaming/Local/lightning-services/php-8.2.29+0/bin/win64/ext\php_php_imagick.dll.dll (The specified module could not be found)) in Unknown on line 0
[20-Jul-2026 08:40:05 UTC] PHP Warning:  PHP Startup: Unable to load dynamic library 'php_imagick.dll' (tried: C:/Users/shanm/AppData/Roaming/Local/lightning-services/php-8.2.29+0/bin/win64/ext\php_imagick.dll (The specified module could not be found), C:/Users/shanm/AppData/Roaming/Local/lightning-services/php-8.2.29+0/bin/win64/ext\php_php_imagick.dll.dll (The specified module could not be found)) in Unknown on line 0
[20-Jul-2026 09:57:20 UTC] PHP Warning:  PHP Startup: Unable to load dynamic library 'php_imagick.dll' (tried: C:/Users/shanm/AppData/Roaming/Local/lightning-services/php-8.2.29+0/bin/win64/ext\php_imagick.dll (The specified module could not be found), C:/Users/shanm/AppData/Roaming/Local/lightning-services/php-8.2.29+0/bin/win64/ext\php_php_imagick.dll.dll (The specified module could not be found)) in Unknown on line 0
[20-Jul-2026 10:04:42 UTC] PHP Warning:  PHP Startup: Unable to load dynamic library 'php_imagick.dll' (tried: C:/Users/shanm/AppData/Roaming/Local/lightning-services/php-8.2.29+0/bin/win64/ext\php_imagick.dll (The specified module could not be found), C:/Users/shanm/AppData/Roaming/Local/lightning-services/php-8.2.29+0/bin/win64/ext\php_php_imagick.dll.dll (The specified module could not be found)) in Unknown on line 0
[20-Jul-2026 10:18:43 UTC] PHP Warning:  PHP Startup: Unable to load dynamic library 'php_imagick.dll' (tried: C:/Users/shanm/AppData/Roaming/Local/lightning-services/php-8.2.29+0/bin/win64/ext\php_imagick.dll (The specified module could not be found), C:/Users/shanm/AppData/Roaming/Local/lightning-services/php-8.2.29+0/bin/win64/ext\php_php_imagick.dll.dll (The specified module could not be found)) in Unknown on line 0
[20-Jul-2026 10:23:58 UTC] PHP Warning:  PHP Startup: Unable to load dynamic library 'php_imagick.dll' (tried: C:/Users/shanm/AppData/Roaming/Local/lightning-services/php-8.2.29+0/bin/win64/ext\php_imagick.dll (The specified module could not be found), C:/Users/shanm/AppData/Roaming/Local/lightning-services/php-8.2.29+0/bin/win64/ext\php_php_imagick.dll.dll (The specified module could not be found)) in Unknown on line 0
[20-Jul-2026 10:24:18 UTC] PHP Warning:  PHP Startup: Unable to load dynamic library 'php_imagick.dll' (tried: C:/Users/shanm/AppData/Roaming/Local/lightning-services/php-8.2.29+0/bin/win64/ext\php_imagick.dll (The specified module could not be found), C:/Users/shanm/AppData/Roaming/Local/lightning-services/php-8.2.29+0/bin/win64/ext\php_php_imagick.dll.dll (The specified module could not be found)) in Unknown on line 0
[20-Jul-2026 10:26:02 UTC] PHP Warning:  PHP Startup: Unable to load dynamic library 'php_imagick.dll' (tried: C:/Users/shanm/AppData/Roaming/Local/lightning-services/php-8.2.29+0/bin/win64/ext\php_imagick.dll (The specified module could not be found), C:/Users/shanm/AppData/Roaming/Local/lightning-services/php-8.2.29+0/bin/win64/ext\php_php_imagick.dll.dll (The specified module could not be found)) in Unknown on line 0
[20-Jul-2026 11:32:14 UTC] PHP Warning:  PHP Startup: Unable to load dynamic library 'php_imagick.dll' (tried: C:/Users/shanm/AppData/Roaming/Local/lightning-services/php-8.2.29+0/bin/win64/ext\php_imagick.dll (The specified module could not be found), C:/Users/shanm/AppData/Roaming/Local/lightning-services/php-8.2.29+0/bin/win64/ext\php_php_imagick.dll.dll (The specified module could not be found)) in Unknown on line 0
[20-Jul-2026 11:32:32 UTC] PHP Warning:  PHP Startup: Unable to load dynamic library 'php_imagick.dll' (tried: C:/Users/shanm/AppData/Roaming/Local/lightning-services/php-8.2.29+0/bin/win64/ext\php_imagick.dll (The specified module could not be found), C:/Users/shanm/AppData/Roaming/Local/lightning-services/php-8.2.29+0/bin/win64/ext\php_php_imagick.dll.dll (The specified module could not be found)) in Unknown on line 0
[20-Jul-2026 11:33:36 UTC] PHP Warning:  PHP Startup: Unable to load dynamic library 'php_imagick.dll' (tried: C:/Users/shanm/AppData/Roaming/Local/lightning-services/php-8.2.29+0/bin/win64/ext\php_imagick.dll (The specified module could not be found), C:/Users/shanm/AppData/Roaming/Local/lightning-services/php-8.2.29+0/bin/win64/ext\php_php_imagick.dll.dll (The specified module could not be found)) in Unknown on line 0
[20-Jul-2026 11:33:36 UTC] PHP Warning:  PHP Startup: Unable to load dynamic library 'php_imagick.dll' (tried: C:/Users/shanm/AppData/Roaming/Local/lightning-services/php-8.2.29+0/bin/win64/ext\php_imagick.dll (The specified module could not be found), C:/Users/shanm/AppData/Roaming/Local/lightning-services/php-8.2.29+0/bin/win64/ext\php_php_imagick.dll.dll (The specified module could not be found)) in Unknown on line 0
[20-Jul-2026 12:36:33 UTC] PHP Warning:  PHP Startup: Unable to load dynamic library 'php_imagick.dll' (tried: C:/Users/shanm/AppData/Roaming/Local/lightning-services/php-8.2.29+0/bin/win64/ext\php_imagick.dll (The specified module could not be found), C:/Users/shanm/AppData/Roaming/Local/lightning-services/php-8.2.29+0/bin/win64/ext\php_php_imagick.dll.dll (The specified module could not be found)) in Unknown on line 0
[20-Jul-2026 12:36:50 UTC] PHP Warning:  PHP Startup: Unable to load dynamic library 'php_imagick.dll' (tried: C:/Users/shanm/AppData/Roaming/Local/lightning-services/php-8.2.29+0/bin/win64/ext\php_imagick.dll (The specified module could not be found), C:/Users/shanm/AppData/Roaming/Local/lightning-services/php-8.2.29+0/bin/win64/ext\php_php_imagick.dll.dll (The specified module could not be found)) in Unknown on line 0
[20-Jul-2026 12:37:11 UTC] PHP Warning:  PHP Startup: Unable to load dynamic library 'php_imagick.dll' (tried: C:/Users/shanm/AppData/Roaming/Local/lightning-services/php-8.2.29+0/bin/win64/ext\php_imagick.dll (The specified module could not be found), C:/Users/shanm/AppData/Roaming/Local/lightning-services/php-8.2.29+0/bin/win64/ext\php_php_imagick.dll.dll (The specified module could not be found)) in Unknown on line 0
